Release 14.5 - xst P.58f (nt64)
Copyright (c) 1995-2012 Xilinx, Inc.  All rights reserved.
--> Parameter TMPDIR set to xst/projnav.tmp


Total REAL time to Xst completion: 0.00 secs
Total CPU time to Xst completion: 0.09 secs
 
--> Parameter xsthdpdir set to xst


Total REAL time to Xst completion: 0.00 secs
Total CPU time to Xst completion: 0.09 secs
 
--> Reading design: mainmodule.prj

TABLE OF CONTENTS
  1) Synthesis Options Summary
  2) HDL Parsing
  3) HDL Elaboration
  4) HDL Synthesis
       4.1) HDL Synthesis Report
  5) Advanced HDL Synthesis
       5.1) Advanced HDL Synthesis Report
  6) Low Level Synthesis
  7) Partition Report
  8) Design Summary
       8.1) Primitive and Black Box Usage
       8.2) Device utilization summary
       8.3) Partition Resource Summary
       8.4) Timing Report
            8.4.1) Clock Information
            8.4.2) Asynchronous Control Signals Information
            8.4.3) Timing Summary
            8.4.4) Timing Details
            8.4.5) Cross Clock Domains Report


=========================================================================
*                      Synthesis Options Summary                        *
=========================================================================
---- Source Parameters
Input File Name                    : "mainmodule.prj"
Ignore Synthesis Constraint File   : NO

---- Target Parameters
Output File Name                   : "mainmodule"
Output Format                      : NGC
Target Device                      : xc7a100t-3-csg324

---- Source Options
Top Module Name                    : mainmodule
Automatic FSM Extraction           : YES
FSM Encoding Algorithm             : Auto
Safe Implementation                : No
FSM Style                          : LUT
RAM Extraction                     : Yes
RAM Style                          : Auto
ROM Extraction                     : Yes
Shift Register Extraction          : YES
ROM Style                          : Auto
Resource Sharing                   : YES
Asynchronous To Synchronous        : NO
Shift Register Minimum Size        : 2
Use DSP Block                      : Auto
Automatic Register Balancing       : No

---- Target Options
LUT Combining                      : Auto
Reduce Control Sets                : Auto
Add IO Buffers                     : YES
Global Maximum Fanout              : 100000
Add Generic Clock Buffer(BUFG)     : 32
Register Duplication               : YES
Optimize Instantiated Primitives   : NO
Use Clock Enable                   : Auto
Use Synchronous Set                : Auto
Use Synchronous Reset              : Auto
Pack IO Registers into IOBs        : Auto
Equivalent register Removal        : YES

---- General Options
Optimization Goal                  : Speed
Optimization Effort                : 1
Power Reduction                    : NO
Keep Hierarchy                     : No
Netlist Hierarchy                  : As_Optimized
RTL Output                         : Yes
Global Optimization                : AllClockNets
Read Cores                         : YES
Write Timing Constraints           : NO
Cross Clock Analysis               : NO
Hierarchy Separator                : /
Bus Delimiter                      : <>
Case Specifier                     : Maintain
Slice Utilization Ratio            : 100
BRAM Utilization Ratio             : 100
DSP48 Utilization Ratio            : 100
Auto BRAM Packing                  : NO
Slice Utilization Ratio Delta      : 5

=========================================================================


=========================================================================
*                          HDL Parsing                                  *
=========================================================================
Parsing VHDL file "E:\MIPS\MUX.vhd" into library work
Parsing entity <MUX>.
Parsing architecture <Behavioral> of entity <mux>.
Parsing VHDL file "E:\MIPS\flp.vhd" into library work
Parsing entity <flp>.
Parsing architecture <Behavioral> of entity <flp>.
Parsing VHDL file "E:\MIPS\dec_5x32.vhd" into library work
Parsing entity <dec_5x32>.
Parsing architecture <Behavioral> of entity <dec_5x32>.
Parsing VHDL file "E:\MIPS\DataPathPackage.vhd" into library work
Parsing package <DataPathPackage>.
Parsing VHDL file "E:\MIPS\SL2.vhd" into library work
Parsing entity <SL2>.
Parsing architecture <Behavioral> of entity <sl2>.
Parsing VHDL file "E:\MIPS\signext.vhd" into library work
Parsing entity <signext>.
Parsing architecture <Behavioral> of entity <signext>.
Parsing VHDL file "E:\MIPS\regfile.vhd" into library work
Parsing entity <regfile>.
Parsing architecture <Behavioral> of entity <regfile>.
WARNING:HDLCompiler:946 - "E:\MIPS\regfile.vhd" Line 32: Actual for formal port l is neither a static name nor a globally static expression
WARNING:HDLCompiler:946 - "E:\MIPS\regfile.vhd" Line 33: Actual for formal port l is neither a static name nor a globally static expression
WARNING:HDLCompiler:946 - "E:\MIPS\regfile.vhd" Line 34: Actual for formal port l is neither a static name nor a globally static expression
WARNING:HDLCompiler:946 - "E:\MIPS\regfile.vhd" Line 35: Actual for formal port l is neither a static name nor a globally static expression
WARNING:HDLCompiler:946 - "E:\MIPS\regfile.vhd" Line 36: Actual for formal port l is neither a static name nor a globally static expression
WARNING:HDLCompiler:946 - "E:\MIPS\regfile.vhd" Line 37: Actual for formal port l is neither a static name nor a globally static expression
WARNING:HDLCompiler:946 - "E:\MIPS\regfile.vhd" Line 38: Actual for formal port l is neither a static name nor a globally static expression
WARNING:HDLCompiler:946 - "E:\MIPS\regfile.vhd" Line 39: Actual for formal port l is neither a static name nor a globally static expression
WARNING:HDLCompiler:946 - "E:\MIPS\regfile.vhd" Line 40: Actual for formal port l is neither a static name nor a globally static expression
WARNING:HDLCompiler:946 - "E:\MIPS\regfile.vhd" Line 41: Actual for formal port l is neither a static name nor a globally static expression
WARNING:HDLCompiler:946 - "E:\MIPS\regfile.vhd" Line 42: Actual for formal port l is neither a static name nor a globally static expression
WARNING:HDLCompiler:946 - "E:\MIPS\regfile.vhd" Line 43: Actual for formal port l is neither a static name nor a globally static expression
WARNING:HDLCompiler:946 - "E:\MIPS\regfile.vhd" Line 44: Actual for formal port l is neither a static name nor a globally static expression
WARNING:HDLCompiler:946 - "E:\MIPS\regfile.vhd" Line 45: Actual for formal port l is neither a static name nor a globally static expression
WARNING:HDLCompiler:946 - "E:\MIPS\regfile.vhd" Line 46: Actual for formal port l is neither a static name nor a globally static expression
WARNING:HDLCompiler:946 - "E:\MIPS\regfile.vhd" Line 47: Actual for formal port l is neither a static name nor a globally static expression
WARNING:HDLCompiler:946 - "E:\MIPS\regfile.vhd" Line 48: Actual for formal port l is neither a static name nor a globally static expression
WARNING:HDLCompiler:946 - "E:\MIPS\regfile.vhd" Line 49: Actual for formal port l is neither a static name nor a globally static expression
WARNING:HDLCompiler:946 - "E:\MIPS\regfile.vhd" Line 50: Actual for formal port l is neither a static name nor a globally static expression
WARNING:HDLCompiler:946 - "E:\MIPS\regfile.vhd" Line 51: Actual for formal port l is neither a static name nor a globally static expression
WARNING:HDLCompiler:946 - "E:\MIPS\regfile.vhd" Line 52: Actual for formal port l is neither a static name nor a globally static expression
WARNING:HDLCompiler:946 - "E:\MIPS\regfile.vhd" Line 53: Actual for formal port l is neither a static name nor a globally static expression
WARNING:HDLCompiler:946 - "E:\MIPS\regfile.vhd" Line 54: Actual for formal port l is neither a static name nor a globally static expression
WARNING:HDLCompiler:946 - "E:\MIPS\regfile.vhd" Line 55: Actual for formal port l is neither a static name nor a globally static expression
WARNING:HDLCompiler:946 - "E:\MIPS\regfile.vhd" Line 56: Actual for formal port l is neither a static name nor a globally static expression
WARNING:HDLCompiler:946 - "E:\MIPS\regfile.vhd" Line 57: Actual for formal port l is neither a static name nor a globally static expression
WARNING:HDLCompiler:946 - "E:\MIPS\regfile.vhd" Line 58: Actual for formal port l is neither a static name nor a globally static expression
WARNING:HDLCompiler:946 - "E:\MIPS\regfile.vhd" Line 59: Actual for formal port l is neither a static name nor a globally static expression
WARNING:HDLCompiler:946 - "E:\MIPS\regfile.vhd" Line 60: Actual for formal port l is neither a static name nor a globally static expression
WARNING:HDLCompiler:946 - "E:\MIPS\regfile.vhd" Line 61: Actual for formal port l is neither a static name nor a globally static expression
WARNING:HDLCompiler:946 - "E:\MIPS\regfile.vhd" Line 62: Actual for formal port l is neither a static name nor a globally static expression
WARNING:HDLCompiler:946 - "E:\MIPS\regfile.vhd" Line 63: Actual for formal port l is neither a static name nor a globally static expression
Parsing VHDL file "E:\MIPS\mux2.vhd" into library work
Parsing entity <mux2>.
Parsing architecture <MuxArch> of entity <mux2>.
Parsing VHDL file "E:\MIPS\maindec.vhd" into library work
Parsing entity <maindec>.
Parsing architecture <Behavioral> of entity <maindec>.
Parsing VHDL file "E:\MIPS\Flopr.vhd" into library work
Parsing entity <Flopr>.
Parsing architecture <behavioral> of entity <flopr>.
Parsing VHDL file "E:\MIPS\AluDec.vhd" into library work
Parsing entity <AluDec>.
Parsing architecture <Behavioral> of entity <aludec>.
Parsing VHDL file "E:\MIPS\alu.vhd" into library work
Parsing entity <ALU_T>.
Parsing architecture <Behavioral> of entity <alu_t>.
Parsing VHDL file "E:\MIPS\adder.vhd" into library work
Parsing entity <adder>.
Parsing architecture <Behavioral> of entity <adder>.
Parsing VHDL file "E:\MIPS\dataPath.vhd" into library work
Parsing entity <Datapath>.
Parsing architecture <Behavioral> of entity <datapath>.
Parsing VHDL file "E:\MIPS\Controller.vhd" into library work
Parsing entity <Controller>.
Parsing architecture <Behavioral> of entity <controller>.
Parsing VHDL file "E:\MIPS\MIPS.vhd" into library work
Parsing entity <MIPS>.
Parsing architecture <Behavioral> of entity <mips>.
Parsing VHDL file "E:\MIPS\imem.vhd" into library work
Parsing entity <imem>.
Parsing architecture <behave> of entity <imem>.
Parsing VHDL file "E:\MIPS\dmem.vhd" into library work
Parsing entity <dmem>.
Parsing architecture <behave> of entity <dmem>.
Parsing VHDL file "E:\MIPS\mainmodule.vhd" into library work
Parsing entity <mainmodule>.
Parsing architecture <struct> of entity <mainmodule>.

=========================================================================
*                            HDL Elaboration                            *
=========================================================================

Elaborating entity <mainmodule> (architecture <struct>) from library <work>.

Elaborating entity <MIPS> (architecture <Behavioral>) from library <work>.

Elaborating entity <Controller> (architecture <Behavioral>) from library <work>.

Elaborating entity <maindec> (architecture <Behavioral>) from library <work>.

Elaborating entity <AluDec> (architecture <Behavioral>) from library <work>.

Elaborating entity <Datapath> (architecture <Behavioral>) from library <work>.

Elaborating entity <Flopr> (architecture <behavioral>) with generics from library <work>.

Elaborating entity <adder> (architecture <Behavioral>) from library <work>.

Elaborating entity <SL2> (architecture <Behavioral>) from library <work>.

Elaborating entity <mux2> (architecture <MuxArch>) with generics from library <work>.

Elaborating entity <mux2> (architecture <MuxArch>) with generics from library <work>.

Elaborating entity <signext> (architecture <Behavioral>) from library <work>.

Elaborating entity <regfile> (architecture <Behavioral>) from library <work>.

Elaborating entity <dec_5x32> (architecture <Behavioral>) from library <work>.

Elaborating entity <flp> (architecture <Behavioral>) from library <work>.

Elaborating entity <MUX> (architecture <Behavioral>) from library <work>.

Elaborating entity <ALU_T> (architecture <Behavioral>) from library <work>.

Elaborating entity <dmem> (architecture <behave>) from library <work>.

Elaborating entity <imem> (architecture <behave>) from library <work>.

=========================================================================
*                           HDL Synthesis                               *
=========================================================================

Synthesizing Unit <mainmodule>.
    Related source file is "E:\MIPS\mainmodule.vhd".
    Summary:
	no macro.
Unit <mainmodule> synthesized.

Synthesizing Unit <MIPS>.
    Related source file is "E:\MIPS\MIPS.vhd".
    Summary:
	no macro.
Unit <MIPS> synthesized.

Synthesizing Unit <Controller>.
    Related source file is "E:\MIPS\Controller.vhd".
    Summary:
	no macro.
Unit <Controller> synthesized.

Synthesizing Unit <maindec>.
    Related source file is "E:\MIPS\maindec.vhd".
    Summary:
	no macro.
Unit <maindec> synthesized.

Synthesizing Unit <AluDec>.
    Related source file is "E:\MIPS\AluDec.vhd".
    Summary:
	no macro.
Unit <AluDec> synthesized.

Synthesizing Unit <Datapath>.
    Related source file is "E:\MIPS\dataPath.vhd".
WARNING:Xst:647 - Input <instr<31:26>> is never used. This port will be preserved and left unconnected if it belongs to a top-level block or it belongs to a sub-block and the hierarchy of this sub-block is preserved.
    Summary:
	no macro.
Unit <Datapath> synthesized.

Synthesizing Unit <Flopr>.
    Related source file is "E:\MIPS\Flopr.vhd".
        n = 32
    Found 32-bit register for signal <q>.
    Summary:
	inferred  32 D-type flip-flop(s).
Unit <Flopr> synthesized.

Synthesizing Unit <adder>.
    Related source file is "E:\MIPS\adder.vhd".
    Found 32-bit adder for signal <y> created at line 43.
    Summary:
	inferred   1 Adder/Subtractor(s).
Unit <adder> synthesized.

Synthesizing Unit <SL2>.
    Related source file is "E:\MIPS\SL2.vhd".
WARNING:Xst:647 - Input <a<31:30>> is never used. This port will be preserved and left unconnected if it belongs to a top-level block or it belongs to a sub-block and the hierarchy of this sub-block is preserved.
    Summary:
	no macro.
Unit <SL2> synthesized.

Synthesizing Unit <mux2_1>.
    Related source file is "E:\MIPS\mux2.vhd".
        n = 32
    Summary:
	inferred   1 Multiplexer(s).
Unit <mux2_1> synthesized.

Synthesizing Unit <mux2_2>.
    Related source file is "E:\MIPS\mux2.vhd".
        n = 5
    Summary:
	inferred   1 Multiplexer(s).
Unit <mux2_2> synthesized.

Synthesizing Unit <signext>.
    Related source file is "E:\MIPS\signext.vhd".
    Summary:
	no macro.
Unit <signext> synthesized.

Synthesizing Unit <regfile>.
    Related source file is "E:\MIPS\regfile.vhd".
    Summary:
	no macro.
Unit <regfile> synthesized.

Synthesizing Unit <dec_5x32>.
    Related source file is "E:\MIPS\dec_5x32.vhd".
    Found 32x32-bit Read Only RAM for signal <dout>
    Summary:
	inferred   1 RAM(s).
Unit <dec_5x32> synthesized.

Synthesizing Unit <flp>.
    Related source file is "E:\MIPS\flp.vhd".
    Found 32-bit register for signal <q>.
    Summary:
	inferred  32 D-type flip-flop(s).
Unit <flp> synthesized.

Synthesizing Unit <MUX>.
    Related source file is "E:\MIPS\MUX.vhd".
    Found 32-bit 32-to-1 multiplexer for signal <O> created at line 31.
    Summary:
	inferred   1 Multiplexer(s).
Unit <MUX> synthesized.

Synthesizing Unit <ALU_T>.
    Related source file is "E:\MIPS\alu.vhd".
    Found 32-bit adder for signal <n0044> created at line 48.
    Found 32-bit adder for signal <Temp> created at line 48.
    Summary:
	inferred   2 Adder/Subtractor(s).
	inferred  11 Multiplexer(s).
Unit <ALU_T> synthesized.

Synthesizing Unit <dmem>.
    Related source file is "E:\MIPS\dmem.vhd".
WARNING:Xst:647 - Input <a<1:0>> is never used. This port will be preserved and left unconnected if it belongs to a top-level block or it belongs to a sub-block and the hierarchy of this sub-block is preserved.
WARNING:Xst:647 - Input <a<31:8>> is never used. This port will be preserved and left unconnected if it belongs to a top-level block or it belongs to a sub-block and the hierarchy of this sub-block is preserved.
    Found 64x32-bit single-port RAM <Mram_mem> for signal <mem>.
    Summary:
	inferred   1 RAM(s).
	inferred   1 Multiplexer(s).
Unit <dmem> synthesized.

Synthesizing Unit <imem>.
    Related source file is "E:\MIPS\imem.vhd".
    Found 64x32-bit Read Only RAM for signal <rd>
    Summary:
	inferred   1 RAM(s).
Unit <imem> synthesized.

=========================================================================
HDL Synthesis Report

Macro Statistics
# RAMs                                                 : 3
 32x32-bit single-port Read Only RAM                   : 1
 64x32-bit single-port RAM                             : 1
 64x32-bit single-port Read Only RAM                   : 1
# Adders/Subtractors                                   : 4
 32-bit adder                                          : 4
# Registers                                            : 33
 32-bit register                                       : 33
# Multiplexers                                         : 19
 32-bit 2-to-1 multiplexer                             : 16
 32-bit 32-to-1 multiplexer                            : 2
 5-bit 2-to-1 multiplexer                              : 1

=========================================================================

=========================================================================
*                       Advanced HDL Synthesis                          *
=========================================================================


Synthesizing (advanced) Unit <dec_5x32>.
INFO:Xst:3218 - HDL ADVISOR - The RAM <Mram_dout> will be implemented on LUTs either because you have described an asynchronous read or because of currently unsupported block RAM features. If you have described an asynchronous read, making it synchronous would allow you to take advantage of available block RAM resources, for optimized device usage and improved timings. Please refer to your documentation for coding guidelines.
    -----------------------------------------------------------------------
    | ram_type           | Distributed                         |          |
    -----------------------------------------------------------------------
    | Port A                                                              |
    |     aspect ratio   | 32-word x 32-bit                    |          |
    |     weA            | connected to signal <GND>           | high     |
    |     addrA          | connected to signal <din>           |          |
    |     diA            | connected to signal <GND>           |          |
    |     doA            | connected to signal <dout>          |          |
    -----------------------------------------------------------------------
Unit <dec_5x32> synthesized (advanced).

Synthesizing (advanced) Unit <dmem>.
INFO:Xst:3218 - HDL ADVISOR - The RAM <Mram_mem> will be implemented on LUTs either because you have described an asynchronous read or because of currently unsupported block RAM features. If you have described an asynchronous read, making it synchronous would allow you to take advantage of available block RAM resources, for optimized device usage and improved timings. Please refer to your documentation for coding guidelines.
    -----------------------------------------------------------------------
    | ram_type           | Distributed                         |          |
    -----------------------------------------------------------------------
    | Port A                                                              |
    |     aspect ratio   | 64-word x 32-bit                    |          |
    |     clkA           | connected to signal <clk>           | rise     |
    |     weA            | connected to signal <we>            | high     |
    |     addrA          | connected to signal <a>             |          |
    |     diA            | connected to signal <wd>            |          |
    |     doA            | connected to internal node          |          |
    -----------------------------------------------------------------------
Unit <dmem> synthesized (advanced).

Synthesizing (advanced) Unit <imem>.
INFO:Xst:3218 - HDL ADVISOR - The RAM <Mram_rd> will be implemented on LUTs either because you have described an asynchronous read or because of currently unsupported block RAM features. If you have described an asynchronous read, making it synchronous would allow you to take advantage of available block RAM resources, for optimized device usage and improved timings. Please refer to your documentation for coding guidelines.
    -----------------------------------------------------------------------
    | ram_type           | Distributed                         |          |
    -----------------------------------------------------------------------
    | Port A                                                              |
    |     aspect ratio   | 64-word x 32-bit                    |          |
    |     weA            | connected to signal <GND>           | high     |
    |     addrA          | connected to signal <a>             |          |
    |     diA            | connected to signal <GND>           |          |
    |     doA            | connected to signal <rd>            |          |
    -----------------------------------------------------------------------
Unit <imem> synthesized (advanced).

=========================================================================
Advanced HDL Synthesis Report

Macro Statistics
# RAMs                                                 : 3
 32x32-bit single-port distributed Read Only RAM       : 1
 64x32-bit single-port distributed RAM                 : 1
 64x32-bit single-port distributed Read Only RAM       : 1
# Adders/Subtractors                                   : 3
 32-bit adder                                          : 2
 32-bit adder carry in                                 : 1
# Registers                                            : 1056
 Flip-Flops                                            : 1056
# Multiplexers                                         : 19
 32-bit 2-to-1 multiplexer                             : 16
 32-bit 32-to-1 multiplexer                            : 2
 5-bit 2-to-1 multiplexer                              : 1

=========================================================================

=========================================================================
*                         Low Level Synthesis                           *
=========================================================================

Optimizing unit <Flopr> ...

Optimizing unit <mainmodule> ...

Optimizing unit <Datapath> ...

Optimizing unit <ALU_T> ...

Optimizing unit <regfile> ...
WARNING:Xst:2677 - Node <m/data/pcreg/q_31> of sequential type is unconnected in block <mainmodule>.
WARNING:Xst:2677 - Node <m/data/pcreg/q_30> of sequential type is unconnected in block <mainmodule>.
WARNING:Xst:2677 - Node <m/data/pcreg/q_29> of sequential type is unconnected in block <mainmodule>.
WARNING:Xst:2677 - Node <m/data/pcreg/q_28> of sequential type is unconnected in block <mainmodule>.
WARNING:Xst:2677 - Node <m/data/pcreg/q_27> of sequential type is unconnected in block <mainmodule>.
WARNING:Xst:2677 - Node <m/data/pcreg/q_26> of sequential type is unconnected in block <mainmodule>.
WARNING:Xst:2677 - Node <m/data/pcreg/q_25> of sequential type is unconnected in block <mainmodule>.
WARNING:Xst:2677 - Node <m/data/pcreg/q_24> of sequential type is unconnected in block <mainmodule>.
WARNING:Xst:2677 - Node <m/data/pcreg/q_23> of sequential type is unconnected in block <mainmodule>.
WARNING:Xst:2677 - Node <m/data/pcreg/q_22> of sequential type is unconnected in block <mainmodule>.
WARNING:Xst:2677 - Node <m/data/pcreg/q_21> of sequential type is unconnected in block <mainmodule>.
WARNING:Xst:2677 - Node <m/data/pcreg/q_20> of sequential type is unconnected in block <mainmodule>.
WARNING:Xst:2677 - Node <m/data/pcreg/q_19> of sequential type is unconnected in block <mainmodule>.
WARNING:Xst:2677 - Node <m/data/pcreg/q_18> of sequential type is unconnected in block <mainmodule>.
WARNING:Xst:2677 - Node <m/data/pcreg/q_17> of sequential type is unconnected in block <mainmodule>.
WARNING:Xst:2677 - Node <m/data/pcreg/q_16> of sequential type is unconnected in block <mainmodule>.
WARNING:Xst:2677 - Node <m/data/pcreg/q_15> of sequential type is unconnected in block <mainmodule>.
WARNING:Xst:2677 - Node <m/data/pcreg/q_14> of sequential type is unconnected in block <mainmodule>.
WARNING:Xst:2677 - Node <m/data/pcreg/q_13> of sequential type is unconnected in block <mainmodule>.
WARNING:Xst:2677 - Node <m/data/pcreg/q_12> of sequential type is unconnected in block <mainmodule>.
WARNING:Xst:2677 - Node <m/data/pcreg/q_11> of sequential type is unconnected in block <mainmodule>.
WARNING:Xst:2677 - Node <m/data/pcreg/q_10> of sequential type is unconnected in block <mainmodule>.
WARNING:Xst:2677 - Node <m/data/pcreg/q_9> of sequential type is unconnected in block <mainmodule>.
WARNING:Xst:2677 - Node <m/data/pcreg/q_8> of sequential type is unconnected in block <mainmodule>.
WARNING:Xst:2677 - Node <m/data/pcreg/q_1> of sequential type is unconnected in block <mainmodule>.
WARNING:Xst:2677 - Node <m/data/pcreg/q_0> of sequential type is unconnected in block <mainmodule>.

Mapping all equations...
Building and optimizing final netlist ...
Found area constraint ratio of 100 (+ 5) on block mainmodule, actual ratio is 3.

Final Macro Processing ...

=========================================================================
Final Register Report

Macro Statistics
# Registers                                            : 1030
 Flip-Flops                                            : 1030

=========================================================================

=========================================================================
*                           Partition Report                            *
=========================================================================

Partition Implementation Status
-------------------------------

  No Partitions were found in this design.

-------------------------------

=========================================================================
*                            Design Summary                             *
=========================================================================

Top Level Output File Name         : mainmodule.ngc

Primitive and Black Box Usage:
------------------------------
# BELS                             : 1019
#      GND                         : 1
#      INV                         : 1
#      LUT1                        : 4
#      LUT2                        : 6
#      LUT3                        : 34
#      LUT4                        : 2
#      LUT5                        : 78
#      LUT6                        : 736
#      MUXCY                       : 48
#      MUXF7                       : 64
#      VCC                         : 1
#      XORCY                       : 44
# FlipFlops/Latches                : 1030
#      FDC                         : 6
#      FDE                         : 1024
# RAMS                             : 32
#      RAM64X1S                    : 32
# Clock Buffers                    : 1
#      BUFGP                       : 1
# IO Buffers                       : 66
#      IBUF                        : 1
#      OBUF                        : 65

Device utilization summary:
---------------------------

Selected Device : 7a100tcsg324-3 


Slice Logic Utilization: 
 Number of Slice Registers:            1030  out of  126800     0%  
 Number of Slice LUTs:                  893  out of  63400     1%  
    Number used as Logic:               861  out of  63400     1%  
    Number used as Memory:               32  out of  19000     0%  
       Number used as RAM:               32

Slice Logic Distribution: 
 Number of LUT Flip Flop pairs used:   1869
   Number with an unused Flip Flop:     839  out of   1869    44%  
   Number with an unused LUT:           976  out of   1869    52%  
   Number of fully used LUT-FF pairs:    54  out of   1869     2%  
   Number of unique control sets:        33

IO Utilization: 
 Number of IOs:                          67
 Number of bonded IOBs:                  67  out of    210    31%  

Specific Feature Utilization:
 Number of BUFG/BUFGCTRL/BUFHCEs:         1  out of    128     0%  

---------------------------
Partition Resource Summary:
---------------------------

  No Partitions were found in this design.

---------------------------


=========================================================================
Timing Report

NOTE: THESE TIMING NUMBERS ARE ONLY A SYNTHESIS ESTIMATE.
      FOR ACCURATE TIMING INFORMATION PLEASE REFER TO THE TRACE REPORT
      GENERATED AFTER PLACE-and-ROUTE.

Clock Information:
------------------
-----------------------------------+------------------------+-------+
Clock Signal                       | Clock buffer(FF name)  | Load  |
-----------------------------------+------------------------+-------+
clk                                | BUFGP                  | 1062  |
-----------------------------------+------------------------+-------+

Asynchronous Control Signals Information:
----------------------------------------
No asynchronous control signals found in this design

Timing Summary:
---------------
Speed Grade: -3

   Minimum period: 6.782ns (Maximum Frequency: 147.443MHz)
   Minimum input arrival time before clock: 0.652ns
   Maximum output required time after clock: 5.371ns
   Maximum combinational path delay: No path found

Timing Details:
---------------
All values displayed in nanoseconds (ns)

=========================================================================
Timing constraint: Default period analysis for Clock 'clk'
  Clock period: 6.782ns (frequency: 147.443MHz)
  Total number of paths / destination ports: 32639142 / 2310
-------------------------------------------------------------------------
Delay:               6.782ns (Levels of Logic = 37)
  Source:            m/data/pcreg/q_6 (FF)
  Destination:       m/data/pcreg/q_7 (FF)
  Source Clock:      clk rising
  Destination Clock: clk rising

  Data Path: m/data/pcreg/q_6 to m/data/pcreg/q_7
                                Gate     Net
    Cell:in->out      fanout   Delay   Delay  Logical Name (Net Name)
    ----------------------------------------  ------------
     FDC:C->Q             21   0.361   0.784  m/data/pcreg/q_6 (m/data/pcreg/q_6)
     LUT6:I0->O          256   0.097   0.520  im/Mram_rd211 (instr<21>)
     LUT6:I4->O            1   0.097   0.556  m/data/regfile1/MUX21/Mmux_O_81 (m/data/regfile1/MUX21/Mmux_O_81)
     LUT6:I2->O            1   0.097   0.000  m/data/regfile1/MUX21/Mmux_O_3 (m/data/regfile1/MUX21/Mmux_O_3)
     MUXF7:I1->O           2   0.279   0.383  m/data/regfile1/MUX21/Mmux_O_2_f7 (m/data/srca<0>)
     LUT5:I3->O            1   0.097   0.000  m/data/alu1/Madd_Temp_Madd_lut<0> (m/data/alu1/Madd_Temp_Madd_lut<0>)
     MUXCY:S->O            1   0.353   0.000  m/data/alu1/Madd_Temp_Madd_cy<0> (m/data/alu1/Madd_Temp_Madd_cy<0>)
     MUXCY:CI->O           1   0.023   0.000  m/data/alu1/Madd_Temp_Madd_cy<1> (m/data/alu1/Madd_Temp_Madd_cy<1>)
     MUXCY:CI->O           1   0.023   0.000  m/data/alu1/Madd_Temp_Madd_cy<2> (m/data/alu1/Madd_Temp_Madd_cy<2>)
     MUXCY:CI->O           1   0.023   0.000  m/data/alu1/Madd_Temp_Madd_cy<3> (m/data/alu1/Madd_Temp_Madd_cy<3>)
     MUXCY:CI->O           1   0.023   0.000  m/data/alu1/Madd_Temp_Madd_cy<4> (m/data/alu1/Madd_Temp_Madd_cy<4>)
     MUXCY:CI->O           1   0.023   0.000  m/data/alu1/Madd_Temp_Madd_cy<5> (m/data/alu1/Madd_Temp_Madd_cy<5>)
     MUXCY:CI->O           1   0.023   0.000  m/data/alu1/Madd_Temp_Madd_cy<6> (m/data/alu1/Madd_Temp_Madd_cy<6>)
     MUXCY:CI->O           1   0.023   0.000  m/data/alu1/Madd_Temp_Madd_cy<7> (m/data/alu1/Madd_Temp_Madd_cy<7>)
     MUXCY:CI->O           1   0.023   0.000  m/data/alu1/Madd_Temp_Madd_cy<8> (m/data/alu1/Madd_Temp_Madd_cy<8>)
     MUXCY:CI->O           1   0.023   0.000  m/data/alu1/Madd_Temp_Madd_cy<9> (m/data/alu1/Madd_Temp_Madd_cy<9>)
     MUXCY:CI->O           1   0.023   0.000  m/data/alu1/Madd_Temp_Madd_cy<10> (m/data/alu1/Madd_Temp_Madd_cy<10>)
     MUXCY:CI->O           1   0.023   0.000  m/data/alu1/Madd_Temp_Madd_cy<11> (m/data/alu1/Madd_Temp_Madd_cy<11>)
     MUXCY:CI->O           1   0.023   0.000  m/data/alu1/Madd_Temp_Madd_cy<12> (m/data/alu1/Madd_Temp_Madd_cy<12>)
     MUXCY:CI->O           1   0.023   0.000  m/data/alu1/Madd_Temp_Madd_cy<13> (m/data/alu1/Madd_Temp_Madd_cy<13>)
     MUXCY:CI->O           1   0.023   0.000  m/data/alu1/Madd_Temp_Madd_cy<14> (m/data/alu1/Madd_Temp_Madd_cy<14>)
     MUXCY:CI->O           1   0.023   0.000  m/data/alu1/Madd_Temp_Madd_cy<15> (m/data/alu1/Madd_Temp_Madd_cy<15>)
     MUXCY:CI->O           1   0.023   0.000  m/data/alu1/Madd_Temp_Madd_cy<16> (m/data/alu1/Madd_Temp_Madd_cy<16>)
     MUXCY:CI->O           1   0.023   0.000  m/data/alu1/Madd_Temp_Madd_cy<17> (m/data/alu1/Madd_Temp_Madd_cy<17>)
     MUXCY:CI->O           1   0.023   0.000  m/data/alu1/Madd_Temp_Madd_cy<18> (m/data/alu1/Madd_Temp_Madd_cy<18>)
     MUXCY:CI->O           1   0.023   0.000  m/data/alu1/Madd_Temp_Madd_cy<19> (m/data/alu1/Madd_Temp_Madd_cy<19>)
     MUXCY:CI->O           1   0.023   0.000  m/data/alu1/Madd_Temp_Madd_cy<20> (m/data/alu1/Madd_Temp_Madd_cy<20>)
     MUXCY:CI->O           1   0.023   0.000  m/data/alu1/Madd_Temp_Madd_cy<21> (m/data/alu1/Madd_Temp_Madd_cy<21>)
     XORCY:CI->O           1   0.370   0.295  m/data/alu1/Madd_Temp_Madd_xor<22> (m/data/alu1/Temp<22>)
     LUT6:I5->O            3   0.097   0.693  m/data/alu1/Mmux_res151 (dataadr_22_OBUF)
     LUT6:I1->O            1   0.097   0.000  m/Cont/pcsrc_wg_lut<1> (m/Cont/pcsrc_wg_lut<1>)
     MUXCY:S->O            1   0.353   0.000  m/Cont/pcsrc_wg_cy<1> (m/Cont/pcsrc_wg_cy<1>)
     MUXCY:CI->O           1   0.023   0.000  m/Cont/pcsrc_wg_cy<2> (m/Cont/pcsrc_wg_cy<2>)
     MUXCY:CI->O           1   0.023   0.000  m/Cont/pcsrc_wg_cy<3> (m/Cont/pcsrc_wg_cy<3>)
     MUXCY:CI->O           1   0.023   0.000  m/Cont/pcsrc_wg_cy<4> (m/Cont/pcsrc_wg_cy<4>)
     MUXCY:CI->O           1   0.023   0.000  m/Cont/pcsrc_wg_cy<5> (m/Cont/pcsrc_wg_cy<5>)
     MUXCY:CI->O           6   0.253   0.318  m/Cont/pcsrc_wg_cy<6> (m/pcsrc)
     LUT5:I4->O            1   0.097   0.000  m/data/pcmux/Mmux_y231 (m/data/pcnext<2>)
     FDC:D                     0.008          m/data/pcreg/q_2
    ----------------------------------------
    Total                      6.782ns (3.231ns logic, 3.551ns route)
                                       (47.6% logic, 52.4% route)

=========================================================================
Timing constraint: Default OFFSET IN BEFORE for Clock 'clk'
  Total number of paths / destination ports: 6 / 6
-------------------------------------------------------------------------
Offset:              0.652ns (Levels of Logic = 1)
  Source:            reset (PAD)
  Destination:       m/data/pcreg/q_7 (FF)
  Destination Clock: clk rising

  Data Path: reset to m/data/pcreg/q_7
                                Gate     Net
    Cell:in->out      fanout   Delay   Delay  Logical Name (Net Name)
    ----------------------------------------  ------------
     IBUF:I->O             6   0.001   0.302  reset_IBUF (reset_IBUF)
     FDC:CLR                   0.349          m/data/pcreg/q_2
    ----------------------------------------
    Total                      0.652ns (0.350ns logic, 0.302ns route)
                                       (53.6% logic, 46.4% route)

=========================================================================
Timing constraint: Default OFFSET OUT AFTER for Clock 'clk'
  Total number of paths / destination ports: 307152 / 65
-------------------------------------------------------------------------
Offset:              5.371ns (Levels of Logic = 39)
  Source:            m/data/pcreg/q_6 (FF)
  Destination:       dataadr<31> (PAD)
  Source Clock:      clk rising

  Data Path: m/data/pcreg/q_6 to dataadr<31>
                                Gate     Net
    Cell:in->out      fanout   Delay   Delay  Logical Name (Net Name)
    ----------------------------------------  ------------
     FDC:C->Q             21   0.361   0.784  m/data/pcreg/q_6 (m/data/pcreg/q_6)
     LUT6:I0->O          256   0.097   0.520  im/Mram_rd211 (instr<21>)
     LUT6:I4->O            1   0.097   0.556  m/data/regfile1/MUX21/Mmux_O_81 (m/data/regfile1/MUX21/Mmux_O_81)
     LUT6:I2->O            1   0.097   0.000  m/data/regfile1/MUX21/Mmux_O_3 (m/data/regfile1/MUX21/Mmux_O_3)
     MUXF7:I1->O           2   0.279   0.383  m/data/regfile1/MUX21/Mmux_O_2_f7 (m/data/srca<0>)
     LUT5:I3->O            1   0.097   0.000  m/data/alu1/Madd_Temp_Madd_lut<0> (m/data/alu1/Madd_Temp_Madd_lut<0>)
     MUXCY:S->O            1   0.353   0.000  m/data/alu1/Madd_Temp_Madd_cy<0> (m/data/alu1/Madd_Temp_Madd_cy<0>)
     MUXCY:CI->O           1   0.023   0.000  m/data/alu1/Madd_Temp_Madd_cy<1> (m/data/alu1/Madd_Temp_Madd_cy<1>)
     MUXCY:CI->O           1   0.023   0.000  m/data/alu1/Madd_Temp_Madd_cy<2> (m/data/alu1/Madd_Temp_Madd_cy<2>)
     MUXCY:CI->O           1   0.023   0.000  m/data/alu1/Madd_Temp_Madd_cy<3> (m/data/alu1/Madd_Temp_Madd_cy<3>)
     MUXCY:CI->O           1   0.023   0.000  m/data/alu1/Madd_Temp_Madd_cy<4> (m/data/alu1/Madd_Temp_Madd_cy<4>)
     MUXCY:CI->O           1   0.023   0.000  m/data/alu1/Madd_Temp_Madd_cy<5> (m/data/alu1/Madd_Temp_Madd_cy<5>)
     MUXCY:CI->O           1   0.023   0.000  m/data/alu1/Madd_Temp_Madd_cy<6> (m/data/alu1/Madd_Temp_Madd_cy<6>)
     MUXCY:CI->O           1   0.023   0.000  m/data/alu1/Madd_Temp_Madd_cy<7> (m/data/alu1/Madd_Temp_Madd_cy<7>)
     MUXCY:CI->O           1   0.023   0.000  m/data/alu1/Madd_Temp_Madd_cy<8> (m/data/alu1/Madd_Temp_Madd_cy<8>)
     MUXCY:CI->O           1   0.023   0.000  m/data/alu1/Madd_Temp_Madd_cy<9> (m/data/alu1/Madd_Temp_Madd_cy<9>)
     MUXCY:CI->O           1   0.023   0.000  m/data/alu1/Madd_Temp_Madd_cy<10> (m/data/alu1/Madd_Temp_Madd_cy<10>)
     MUXCY:CI->O           1   0.023   0.000  m/data/alu1/Madd_Temp_Madd_cy<11> (m/data/alu1/Madd_Temp_Madd_cy<11>)
     MUXCY:CI->O           1   0.023   0.000  m/data/alu1/Madd_Temp_Madd_cy<12> (m/data/alu1/Madd_Temp_Madd_cy<12>)
     MUXCY:CI->O           1   0.023   0.000  m/data/alu1/Madd_Temp_Madd_cy<13> (m/data/alu1/Madd_Temp_Madd_cy<13>)
     MUXCY:CI->O           1   0.023   0.000  m/data/alu1/Madd_Temp_Madd_cy<14> (m/data/alu1/Madd_Temp_Madd_cy<14>)
     MUXCY:CI->O           1   0.023   0.000  m/data/alu1/Madd_Temp_Madd_cy<15> (m/data/alu1/Madd_Temp_Madd_cy<15>)
     MUXCY:CI->O           1   0.023   0.000  m/data/alu1/Madd_Temp_Madd_cy<16> (m/data/alu1/Madd_Temp_Madd_cy<16>)
     MUXCY:CI->O           1   0.023   0.000  m/data/alu1/Madd_Temp_Madd_cy<17> (m/data/alu1/Madd_Temp_Madd_cy<17>)
     MUXCY:CI->O           1   0.023   0.000  m/data/alu1/Madd_Temp_Madd_cy<18> (m/data/alu1/Madd_Temp_Madd_cy<18>)
     MUXCY:CI->O           1   0.023   0.000  m/data/alu1/Madd_Temp_Madd_cy<19> (m/data/alu1/Madd_Temp_Madd_cy<19>)
     MUXCY:CI->O           1   0.023   0.000  m/data/alu1/Madd_Temp_Madd_cy<20> (m/data/alu1/Madd_Temp_Madd_cy<20>)
     MUXCY:CI->O           1   0.023   0.000  m/data/alu1/Madd_Temp_Madd_cy<21> (m/data/alu1/Madd_Temp_Madd_cy<21>)
     MUXCY:CI->O           1   0.023   0.000  m/data/alu1/Madd_Temp_Madd_cy<22> (m/data/alu1/Madd_Temp_Madd_cy<22>)
     MUXCY:CI->O           1   0.023   0.000  m/data/alu1/Madd_Temp_Madd_cy<23> (m/data/alu1/Madd_Temp_Madd_cy<23>)
     MUXCY:CI->O           1   0.023   0.000  m/data/alu1/Madd_Temp_Madd_cy<24> (m/data/alu1/Madd_Temp_Madd_cy<24>)
     MUXCY:CI->O           1   0.023   0.000  m/data/alu1/Madd_Temp_Madd_cy<25> (m/data/alu1/Madd_Temp_Madd_cy<25>)
     MUXCY:CI->O           1   0.023   0.000  m/data/alu1/Madd_Temp_Madd_cy<26> (m/data/alu1/Madd_Temp_Madd_cy<26>)
     MUXCY:CI->O           1   0.023   0.000  m/data/alu1/Madd_Temp_Madd_cy<27> (m/data/alu1/Madd_Temp_Madd_cy<27>)
     MUXCY:CI->O           1   0.023   0.000  m/data/alu1/Madd_Temp_Madd_cy<28> (m/data/alu1/Madd_Temp_Madd_cy<28>)
     MUXCY:CI->O           1   0.023   0.000  m/data/alu1/Madd_Temp_Madd_cy<29> (m/data/alu1/Madd_Temp_Madd_cy<29>)
     MUXCY:CI->O           0   0.023   0.000  m/data/alu1/Madd_Temp_Madd_cy<30> (m/data/alu1/Madd_Temp_Madd_cy<30>)
     XORCY:CI->O           2   0.370   0.299  m/data/alu1/Madd_Temp_Madd_xor<31> (m/data/alu1/Temp<31>)
     LUT6:I5->O            3   0.097   0.289  m/data/alu1/Mmux_res251 (dataadr_31_OBUF)
     OBUF:I->O                 0.000          dataadr_31_OBUF (dataadr<31>)
    ----------------------------------------
    Total                      5.371ns (2.538ns logic, 2.833ns route)
                                       (47.3% logic, 52.7% route)

=========================================================================

Cross Clock Domains Report:
--------------------------

Clock to Setup on destination clock clk
---------------+---------+---------+---------+---------+
               | Src:Rise| Src:Fall| Src:Rise| Src:Fall|
Source Clock   |Dest:Rise|Dest:Rise|Dest:Fall|Dest:Fall|
---------------+---------+---------+---------+---------+
clk            |    6.782|         |         |         |
---------------+---------+---------+---------+---------+

=========================================================================


Total REAL time to Xst completion: 31.00 secs
Total CPU time to Xst completion: 31.43 secs
 
--> 

Total memory usage is 4845652 kilobytes

Number of errors   :    0 (   0 filtered)
Number of warnings :   62 (   0 filtered)
Number of infos    :    3 (   0 filtered)

